---
source: packages/unisynth/src/optimizer/core/src/test.rs
assertion_line: 2210
expression: output
---
==INPUT==


import { component$, useStore } from '@khulnasoft.com/unisynth';

export const App = component$(() => {
    return (
        <Cmp>
            <p class="stuff" onClick$={() => console.log('warn')}>Hello Unisynth</p>
        </Cmp>
    );
});

============================= test.js ==

import { componentQrl } from "@khulnasoft.com/unisynth";
import { inlinedQrlDEV } from "@khulnasoft.com/unisynth";
import { _jsxQ } from "@khulnasoft.com/unisynth";
import { _jsxC } from "@khulnasoft.com/unisynth";
export const App = /*#__PURE__*/ componentQrl(/*#__PURE__*/ inlinedQrlDEV(()=>{
    return /*#__PURE__*/ _jsxC(Cmp, {
        children: /*#__PURE__*/ _jsxQ("p", null, {
            class: "stuff",
            onClick$: /*#__PURE__*/ inlinedQrlDEV(()=>console.log('warn'), "App_component_Cmp_p_onClick_vuXzfUTkpto", {
                file: "/user/unisynth/src/test.tsx",
                lo: 172,
                hi: 197,
                displayName: "test.tsx_App_component_Cmp_p_onClick"
            })
        }, "Hello Unisynth", 3, null, {
            fileName: "test.tsx",
            lineNumber: 7,
            columnNumber: 13
        })
    }, 3, "u6_0", {
        fileName: "test.tsx",
        lineNumber: 6,
        columnNumber: 9
    });
}, "App_component_ckEPmXZlub0", {
    file: "/user/unisynth/src/test.tsx",
    lo: 98,
    hi: 241,
    displayName: "test.tsx_App_component"
}));


Some("{\"version\":3,\"sources\":[\"/user/unisynth/src/test.tsx\"],\"names\":[],\"mappings\":\";;;;AAGA,OAAO,MAAM,oBAAM,yCAAW;IAC1B,qBACI,MAAC;kBACG,cAAA,MAAC;YAAE,OAAM;YAAQ,QAAQ,8BAAE,IAAM,QAAQ,GAAG,CAAC;;;;;;WAAS;;;;;;;;;;AAGlE;;;;;IAAG\"}")
== DIAGNOSTICS ==

[]
