---
source: packages/unisynth/src/optimizer/core/src/test.rs
assertion_line: 1405
expression: output
---
==INPUT==


import { component$, useBrowserVisibleTask$, useStore, useStyles$ } from '@khulnasoft.com/unisynth';
import { thing } from './sibling';
import mongodb from 'mongodb';

export const Child = component$(() => {

    useStyles$('somestring');
    const state = useStore({
        count: 0
    });

    // Double count watch
    useBrowserVisibleTask$(() => {
        state.count = thing.doStuff() + import("./sibling");
    });

    return (
        <div onClick$={() => console.log(mongodb)}>
        </div>
    );
});


============================= test.tsx ==

import { componentQrl } from "@khulnasoft.com/unisynth";
import { useStylesQrl } from "@khulnasoft.com/unisynth";
import { inlinedQrl } from "@khulnasoft.com/unisynth";
import { useBrowserVisibleTaskQrl } from "@khulnasoft.com/unisynth";
import { useLexicalScope } from "@khulnasoft.com/unisynth";
import { useStore } from '@khulnasoft.com/unisynth';
import { thing } from './sibling';
import mongodb from 'mongodb';
export const Child = /*#__PURE__*/ componentQrl(/*#__PURE__*/ inlinedQrl(()=>{
    useStylesQrl(/*#__PURE__*/ inlinedQrl('somestring', "Child_component_useStyles_qBZTuFM0160"));
    const state = useStore({
        count: 0
    });
    // Double count watch
    useBrowserVisibleTaskQrl(/*#__PURE__*/ inlinedQrl(()=>{
        const [state] = useLexicalScope();
        state.count = thing.doStuff() + import("./sibling");
    }, "Child_component_useBrowserVisibleTask_0IGFPOyJmQA", [
        state
    ]));
    return <div onClick$={/*#__PURE__*/ inlinedQrl(()=>console.log(mongodb), "Child_component_div_onClick_elliVSnAiOQ")}>
        </div>;
}, "Child_component_9GyF01GDKqw"));


Some("{\"version\":3,\"sources\":[\"/user/unisynth/src/test.tsx\"],\"names\":[],\"mappings\":\";;;;;AACA,SAA6C,QAAQ,QAAoB,2BAA2B;AACpG,SAAS,KAAK,QAAQ,YAAY;AAClC,OAAO,aAAa,UAAU;AAE9B,OAAO,MAAM,sBAAQ,sCAAW;IAE5B,sCAAW;IACX,MAAM,QAAQ,SAAS;QACnB,OAAO;IACX;IAEA,qBAAqB;IACrB,kDAAuB;;QACnB,MAAM,KAAK,GAAG,MAAM,OAAO,KAAK,MAAM,CAAC;;;;IAG3C,QACK,IAAI,mCAAU,IAAM,QAAQ,GAAG,CAAC,sDAAU;QAC3C,EAAE;AAEV,mCAAG\"}")
== DIAGNOSTICS ==

[]
