---
source: packages/unisynth/src/optimizer/core/src/test.rs
assertion_line: 1657
expression: output
---
==INPUT==


import { component$ } from '@khulnasoft.com/unisynth';
import mongodb from 'mongodb';

export const onGet = () => {
    const data = mongodb.collection.whatever;
    return {
        body: {
        data
        }
    }
};

export default component$(()=> {
    return <div>cmp</div>
});

============================= test.tsx ==

import { componentQrl } from "@khulnasoft.com/unisynth";
import { qrl } from "@khulnasoft.com/unisynth";
export const onGet = ()=>{
    throw "Symbol removed by Unisynth Optimizer, it can not be called from current platform";
};
export default /*#__PURE__*/ componentQrl(/*#__PURE__*/ qrl(()=>import("./test.tsx_test_component_LUXeXe0DQrg"), "test_component_LUXeXe0DQrg"));


Some("{\"version\":3,\"sources\":[\"/user/unisynth/src/test.tsx\"],\"names\":[],\"mappings\":\";;aAIa;;;AASb,6BAAe,mHAEZ\"}")
============================= test.tsx_test_component_LUXeXe0DQrg.tsx (ENTRY POINT)==

export const test_component_LUXeXe0DQrg = ()=>{
    return <div>cmp</div>;
};


Some("{\"version\":3,\"sources\":[\"/user/unisynth/src/test.tsx\"],\"names\":[],\"mappings\":\"0CAa0B;IACtB,QAAQ,IAAI,GAAG,EAAE;AACrB\"}")
/*
{
  "origin": "test.tsx",
  "name": "test_component_LUXeXe0DQrg",
  "entry": null,
  "displayName": "test.tsx_test_component",
  "hash": "LUXeXe0DQrg",
  "canonicalFilename": "test.tsx_test_component_LUXeXe0DQrg",
  "path": "",
  "extension": "tsx",
  "parent": null,
  "ctxKind": "function",
  "ctxName": "component$",
  "captures": false,
  "loc": [
    252,
    286
  ]
}
*/
== DIAGNOSTICS ==

[]
