---
source: packages/unisynth/src/optimizer/core/src/test.rs
assertion_line: 495
expression: output
---
==INPUT==


import { $, component$, useStyles$ } from '@khulnasoft.com/unisynth';

export const Foo = component$(() => {
    useStyles$('.class {}');
    return (
        <div class="class"/>
    );
}, {
    tagName: "my-foo",
});

============================= test.tsx_Foo_component_useStyles_pV9TSCBIhw8.tsx (ENTRY POINT)==

export const Foo_component_useStyles_pV9TSCBIhw8 = '.class {}';


Some("{\"version\":3,\"sources\":[\"/user/unisynth/src/test.tsx\"],\"names\":[],\"mappings\":\"mDAIe\"}")
/*
{
  "origin": "test.tsx",
  "name": "Foo_component_useStyles_pV9TSCBIhw8",
  "entry": null,
  "displayName": "test.tsx_Foo_component_useStyles",
  "hash": "pV9TSCBIhw8",
  "canonicalFilename": "test.tsx_Foo_component_useStyles_pV9TSCBIhw8",
  "path": "",
  "extension": "tsx",
  "parent": "Foo_component_HTDRsvUbLiE",
  "ctxKind": "function",
  "ctxName": "useStyles$",
  "captures": false,
  "loc": [
    126,
    137
  ]
}
*/
============================= test.tsx_Foo_component_HTDRsvUbLiE.tsx (ENTRY POINT)==

import { qrl } from "@khulnasoft.com/unisynth";
import { useStylesQrl } from "@khulnasoft.com/unisynth";
export const Foo_component_HTDRsvUbLiE = ()=>{
    useStylesQrl(/*#__PURE__*/ qrl(()=>import("./test.tsx_Foo_component_useStyles_pV9TSCBIhw8"), "Foo_component_useStyles_pV9TSCBIhw8"));
    return <div class="class"/>;
};


Some("{\"version\":3,\"sources\":[\"/user/unisynth/src/test.tsx\"],\"names\":[],\"mappings\":\";;yCAG8B;IAC1B;IACA,QACK,IAAI,MAAM;AAEnB\"}")
/*
{
  "origin": "test.tsx",
  "name": "Foo_component_HTDRsvUbLiE",
  "entry": null,
  "displayName": "test.tsx_Foo_component",
  "hash": "HTDRsvUbLiE",
  "canonicalFilename": "test.tsx_Foo_component_HTDRsvUbLiE",
  "path": "",
  "extension": "tsx",
  "parent": null,
  "ctxKind": "function",
  "ctxName": "component$",
  "captures": false,
  "loc": [
    103,
    190
  ]
}
*/
============================= test.tsx ==

import { componentQrl } from "@khulnasoft.com/unisynth";
import { qrl } from "@khulnasoft.com/unisynth";
export const Foo = /*#__PURE__*/ componentQrl(/*#__PURE__*/ qrl(()=>import("./test.tsx_Foo_component_HTDRsvUbLiE"), "Foo_component_HTDRsvUbLiE"), {
    tagName: "my-foo"
});


Some("{\"version\":3,\"sources\":[\"/user/unisynth/src/test.tsx\"],\"names\":[],\"mappings\":\";;AAGA,OAAO,MAAM,oBAAM,iHAKhB;IACC,SAAS;AACb,GAAG\"}")
== DIAGNOSTICS ==

[]
