---
source: packages/unisynth/src/optimizer/core/src/test.rs
assertion_line: 1282
expression: output
---
==INPUT==


import { component$, $, useStyles$ } from '@khulnasoft.com/unisynth';

export const App = component$((props) => {
    useStyles$('hola');
    return $(() => (
        <div></div>
    ));
});

============================= test.js ==

import { componentQrl } from "@khulnasoft.com/unisynth";
import { qrl } from "@khulnasoft.com/unisynth";
export const App = /*#__PURE__*/ componentQrl(/*#__PURE__*/ qrl(()=>import("./test.tsx_App_component_ckEPmXZlub0.js"), "App_component_ckEPmXZlub0"));


Some("{\"version\":3,\"sources\":[\"/user/unisynth/src/test.tsx\"],\"names\":[],\"mappings\":\";;AAGA,OAAO,MAAM,oBAAM,oHAKhB\"}")
============================= test.tsx_App_component_useStyles_t35nSa5UV7U.js (ENTRY POINT)==

export const App_component_useStyles_t35nSa5UV7U = 'hola';


Some("{\"version\":3,\"sources\":[\"/user/unisynth/src/test.tsx\"],\"names\":[],\"mappings\":\"mDAIe\"}")
/*
{
  "origin": "test.tsx",
  "name": "App_component_useStyles_t35nSa5UV7U",
  "entry": null,
  "displayName": "test.tsx_App_component_useStyles",
  "hash": "t35nSa5UV7U",
  "canonicalFilename": "test.tsx_App_component_useStyles_t35nSa5UV7U",
  "path": "",
  "extension": "js",
  "parent": "App_component_ckEPmXZlub0",
  "ctxKind": "function",
  "ctxName": "useStyles$",
  "captures": false,
  "loc": [
    131,
    137
  ]
}
*/
============================= test.tsx_App_component_ckEPmXZlub0.js (ENTRY POINT)==

import { qrl } from "@khulnasoft.com/unisynth";
import { useStylesQrl } from "@khulnasoft.com/unisynth";
export const App_component_ckEPmXZlub0 = (props)=>{
    useStylesQrl(/*#__PURE__*/ qrl(()=>import("./test.tsx_App_component_useStyles_t35nSa5UV7U.js"), "App_component_useStyles_t35nSa5UV7U"));
    return /*#__PURE__*/ qrl(()=>import("./test.tsx_App_component_1_w0t0o3QMovU.js"), "App_component_1_w0t0o3QMovU");
};


Some("{\"version\":3,\"sources\":[\"/user/unisynth/src/test.tsx\"],\"names\":[],\"mappings\":\";;yCAG8B,CAAC;IAC3B;IACA;AAGJ\"}")
/*
{
  "origin": "test.tsx",
  "name": "App_component_ckEPmXZlub0",
  "entry": null,
  "displayName": "test.tsx_App_component",
  "hash": "ckEPmXZlub0",
  "canonicalFilename": "test.tsx_App_component_ckEPmXZlub0",
  "path": "",
  "extension": "js",
  "parent": null,
  "ctxKind": "function",
  "ctxName": "component$",
  "captures": false,
  "loc": [
    103,
    190
  ]
}
*/
============================= test.tsx_App_component_1_w0t0o3QMovU.js (ENTRY POINT)==

import { _jsxQ } from "@khulnasoft.com/unisynth";
export const App_component_1_w0t0o3QMovU = ()=>/*#__PURE__*/ _jsxQ("div", null, null, null, 3, "u6_0");
export { _hW } from "@khulnasoft.com/unisynth";


Some("{\"version\":3,\"sources\":[\"/user/unisynth/src/test.tsx\"],\"names\":[],\"mappings\":\";2CAKa,kBACL,MAAC\"}")
/*
{
  "origin": "test.tsx",
  "name": "App_component_1_w0t0o3QMovU",
  "entry": null,
  "displayName": "test.tsx_App_component_1",
  "hash": "w0t0o3QMovU",
  "canonicalFilename": "test.tsx_App_component_1_w0t0o3QMovU",
  "path": "",
  "extension": "js",
  "parent": "App_component_ckEPmXZlub0",
  "ctxKind": "function",
  "ctxName": "$",
  "captures": false,
  "loc": [
    153,
    186
  ]
}
*/
== DIAGNOSTICS ==

[]
